#! /usr/bin/vvp
:ivl_version "12.0 (stable)";
:ivl_delay_selection "TYPICAL";
:vpi_time_precision - 12;
:vpi_module "/usr/lib/x86_64-linux-gnu/ivl/system.vpi";
:vpi_module "/usr/lib/x86_64-linux-gnu/ivl/vhdl_sys.vpi";
:vpi_module "/usr/lib/x86_64-linux-gnu/ivl/vhdl_textio.vpi";
:vpi_module "/usr/lib/x86_64-linux-gnu/ivl/v2005_math.vpi";
:vpi_module "/usr/lib/x86_64-linux-gnu/ivl/va_math.vpi";
:vpi_module "/usr/lib/x86_64-linux-gnu/ivl/v2009.vpi";
S_0x5e81d0782a50 .scope package, "$unit" "$unit" 2 1;
 .timescale 0 0;
S_0x5e81d0788fd0 .scope module, "tb_full_adder_nbit" "tb_full_adder_nbit" 3 2;
 .timescale -9 -12;
P_0x5e81d07687e0 .param/l "N" 0 3 3, +C4<00000000000000000000000000001000>;
v0x5e81d07b2c80_0 .var "a", 7 0;
v0x5e81d07b2d60_0 .var "b", 7 0;
v0x5e81d07b2e00_0 .var "cin", 0 0;
v0x5e81d07b2ed0_0 .net "cout", 0 0, L_0x5e81d07b9740;  1 drivers
v0x5e81d07b2fa0_0 .var/i "errors", 31 0;
v0x5e81d07b3090_0 .var "expected_result", 8 0;
v0x5e81d07b3130_0 .var/i "i_bf", 31 0;
v0x5e81d07b3210_0 .var/i "i_rnd", 31 0;
v0x5e81d07b32f0_0 .var/i "j_bf", 31 0;
v0x5e81d07b3460_0 .var/i "k_bf", 31 0;
v0x5e81d07b3540_0 .net "sum", 7 0, L_0x5e81d07b8be0;  1 drivers
S_0x5e81d0785d10 .scope task, "check_result" "check_result" 3 59, 3 59 0, S_0x5e81d0788fd0;
 .timescale -9 -12;
TD_tb_full_adder_nbit.check_result ;
    %load/vec4 v0x5e81d07b2c80_0;
    %pad/u 9;
    %load/vec4 v0x5e81d07b2d60_0;
    %pad/u 9;
    %add;
    %load/vec4 v0x5e81d07b2e00_0;
    %pad/u 9;
    %add;
    %store/vec4 v0x5e81d07b3090_0, 0, 9;
    %load/vec4 v0x5e81d07b2ed0_0;
    %load/vec4 v0x5e81d07b3540_0;
    %concat/vec4; draw_concat_vec4
    %load/vec4 v0x5e81d07b3090_0;
    %cmp/ne;
    %jmp/0xz  T_0.0, 6;
    %vpi_call/w 3 63 "$display", "Error: a=%h, b=%h, cin=%b => sum=%h, cout=%b, expected=%h", v0x5e81d07b2c80_0, v0x5e81d07b2d60_0, v0x5e81d07b2e00_0, v0x5e81d07b3540_0, v0x5e81d07b2ed0_0, v0x5e81d07b3090_0 {0 0 0};
    %load/vec4 v0x5e81d07b2fa0_0;
    %addi 1, 0, 32;
    %store/vec4 v0x5e81d07b2fa0_0, 0, 32;
T_0.0 ;
    %end;
S_0x5e81d076af40 .scope module, "dut" "full_adder_nbit" 3 20, 4 1 0, S_0x5e81d0788fd0;
 .timescale 0 0;
    .port_info 0 /INPUT 8 "a";
    .port_info 1 /INPUT 8 "b";
    .port_info 2 /INPUT 1 "cin";
    .port_info 3 /OUTPUT 8 "sum";
    .port_info 4 /OUTPUT 1 "cout";
P_0x5e81d076b120 .param/l "N" 0 4 2, +C4<00000000000000000000000000001000>;
L_0x5e81d07b3b40 .functor BUFZ 1, v0x5e81d07b2e00_0, C4<0>, C4<0>, C4<0>;
v0x5e81d07b2600_0 .net *"_ivl_61", 0 0, L_0x5e81d07b3b40;  1 drivers
v0x5e81d07b2700_0 .net "a", 7 0, v0x5e81d07b2c80_0;  1 drivers
v0x5e81d07b27e0_0 .net "b", 7 0, v0x5e81d07b2d60_0;  1 drivers
v0x5e81d07b28a0_0 .net "carry", 8 0, L_0x5e81d07b92e0;  1 drivers
v0x5e81d07b2980_0 .net "cin", 0 0, v0x5e81d07b2e00_0;  1 drivers
v0x5e81d07b2a40_0 .net "cout", 0 0, L_0x5e81d07b9740;  alias, 1 drivers
v0x5e81d07b2b00_0 .net "sum", 7 0, L_0x5e81d07b8be0;  alias, 1 drivers
L_0x5e81d07b3ef0 .part v0x5e81d07b2c80_0, 0, 1;
L_0x5e81d07b4030 .part v0x5e81d07b2d60_0, 0, 1;
L_0x5e81d07b4170 .part L_0x5e81d07b92e0, 0, 1;
L_0x5e81d07b4a00 .part v0x5e81d07b2c80_0, 1, 1;
L_0x5e81d07b4af0 .part v0x5e81d07b2d60_0, 1, 1;
L_0x5e81d07b4be0 .part L_0x5e81d07b92e0, 1, 1;
L_0x5e81d07b54f0 .part v0x5e81d07b2c80_0, 2, 1;
L_0x5e81d07b5670 .part v0x5e81d07b2d60_0, 2, 1;
L_0x5e81d07b57f0 .part L_0x5e81d07b92e0, 2, 1;
L_0x5e81d07b5fa0 .part v0x5e81d07b2c80_0, 3, 1;
L_0x5e81d07b60f0 .part v0x5e81d07b2d60_0, 3, 1;
L_0x5e81d07b6190 .part L_0x5e81d07b92e0, 3, 1;
L_0x5e81d07b6a90 .part v0x5e81d07b2c80_0, 4, 1;
L_0x5e81d07b6b80 .part v0x5e81d07b2d60_0, 4, 1;
L_0x5e81d07b6cf0 .part L_0x5e81d07b92e0, 4, 1;
L_0x5e81d07b7510 .part v0x5e81d07b2c80_0, 5, 1;
L_0x5e81d07b7690 .part v0x5e81d07b2d60_0, 5, 1;
L_0x5e81d07b7730 .part L_0x5e81d07b92e0, 5, 1;
L_0x5e81d07b7f50 .part v0x5e81d07b2c80_0, 6, 1;
L_0x5e81d07b8040 .part v0x5e81d07b2d60_0, 6, 1;
L_0x5e81d07b7820 .part L_0x5e81d07b92e0, 6, 1;
L_0x5e81d07b8af0 .part v0x5e81d07b2c80_0, 7, 1;
L_0x5e81d07b8240 .part v0x5e81d07b2d60_0, 7, 1;
L_0x5e81d07b8cf0 .part L_0x5e81d07b92e0, 7, 1;
LS_0x5e81d07b8be0_0_0 .concat8 [ 1 1 1 1], L_0x5e81d07b3700, L_0x5e81d07b4300, L_0x5e81d07b4e00, L_0x5e81d07b5930;
LS_0x5e81d07b8be0_0_4 .concat8 [ 1 1 1 1], L_0x5e81d07b6420, L_0x5e81d07b6e30, L_0x5e81d07b7960, L_0x5e81d07b83e0;
L_0x5e81d07b8be0 .concat8 [ 4 4 0 0], LS_0x5e81d07b8be0_0_0, LS_0x5e81d07b8be0_0_4;
LS_0x5e81d07b92e0_0_0 .concat8 [ 1 1 1 1], L_0x5e81d07b3b40, L_0x5e81d07b3600, L_0x5e81d07b4260, L_0x5e81d07b4d60;
LS_0x5e81d07b92e0_0_4 .concat8 [ 1 1 1 1], L_0x5e81d07b5890, L_0x5e81d07b6380, L_0x5e81d07b6d90, L_0x5e81d07b78c0;
LS_0x5e81d07b92e0_0_8 .concat8 [ 1 0 0 0], L_0x5e81d07b8340;
L_0x5e81d07b92e0 .concat8 [ 4 4 1 0], LS_0x5e81d07b92e0_0_0, LS_0x5e81d07b92e0_0_4, LS_0x5e81d07b92e0_0_8;
L_0x5e81d07b9740 .part L_0x5e81d07b92e0, 8, 1;
S_0x5e81d076b1c0 .scope generate, "fa_loop[0]" "fa_loop[0]" 4 14, 4 14 0, S_0x5e81d076af40;
 .timescale 0 0;
P_0x5e81d077ef50 .param/l "i" 1 4 14, +C4<00>;
S_0x5e81d076e440 .scope module, "fa" "full_adder" 4 15, 5 1 0, S_0x5e81d076b1c0;
 .timescale 0 0;
    .port_info 0 /INPUT 1 "a";
    .port_info 1 /INPUT 1 "b";
    .port_info 2 /INPUT 1 "cin";
    .port_info 3 /OUTPUT 1 "sum";
    .port_info 4 /OUTPUT 1 "cout";
L_0x7165193b7060 .functor BUFT 1, C4<0>, C4<0>, C4<0>, C4<0>;
v0x5e81d0783130_0 .net *"_ivl_10", 0 0, L_0x7165193b7060;  1 drivers
v0x5e81d077fe70_0 .net *"_ivl_11", 1 0, L_0x5e81d07b3aa0;  1 drivers
v0x5e81d077cbb0_0 .net *"_ivl_13", 1 0, L_0x5e81d07b3c50;  1 drivers
L_0x7165193b70a8 .functor BUFT 1, C4<0>, C4<0>, C4<0>, C4<0>;
v0x5e81d07798f0_0 .net *"_ivl_16", 0 0, L_0x7165193b70a8;  1 drivers
v0x5e81d0769700_0 .net *"_ivl_17", 1 0, L_0x5e81d07b3db0;  1 drivers
v0x5e81d0766440_0 .net *"_ivl_3", 1 0, L_0x5e81d07b37d0;  1 drivers
L_0x7165193b7018 .functor BUFT 1, C4<0>, C4<0>, C4<0>, C4<0>;
v0x5e81d0786050_0 .net *"_ivl_6", 0 0, L_0x7165193b7018;  1 drivers
v0x5e81d0782d90_0 .net *"_ivl_7", 1 0, L_0x5e81d07b3920;  1 drivers
v0x5e81d077fad0_0 .net "a", 0 0, L_0x5e81d07b3ef0;  1 drivers
v0x5e81d077c810_0 .net "b", 0 0, L_0x5e81d07b4030;  1 drivers
v0x5e81d0779550_0 .net "cin", 0 0, L_0x5e81d07b4170;  1 drivers
v0x5e81d0769360_0 .net "cout", 0 0, L_0x5e81d07b3600;  1 drivers
v0x5e81d0766070_0 .net "sum", 0 0, L_0x5e81d07b3700;  1 drivers
L_0x5e81d07b3600 .part L_0x5e81d07b3db0, 1, 1;
L_0x5e81d07b3700 .part L_0x5e81d07b3db0, 0, 1;
L_0x5e81d07b37d0 .concat [ 1 1 0 0], L_0x5e81d07b3ef0, L_0x7165193b7018;
L_0x5e81d07b3920 .concat [ 1 1 0 0], L_0x5e81d07b4030, L_0x7165193b7060;
L_0x5e81d07b3aa0 .arith/sum 2, L_0x5e81d07b37d0, L_0x5e81d07b3920;
L_0x5e81d07b3c50 .concat [ 1 1 0 0], L_0x5e81d07b4170, L_0x7165193b70a8;
L_0x5e81d07b3db0 .arith/sum 2, L_0x5e81d07b3aa0, L_0x5e81d07b3c50;
S_0x5e81d07ab220 .scope generate, "fa_loop[1]" "fa_loop[1]" 4 14, 4 14 0, S_0x5e81d076af40;
 .timescale 0 0;
P_0x5e81d07ab3f0 .param/l "i" 1 4 14, +C4<01>;
S_0x5e81d07ab4b0 .scope module, "fa" "full_adder" 4 15, 5 1 0, S_0x5e81d07ab220;
 .timescale 0 0;
    .port_info 0 /INPUT 1 "a";
    .port_info 1 /INPUT 1 "b";
    .port_info 2 /INPUT 1 "cin";
    .port_info 3 /OUTPUT 1 "sum";
    .port_info 4 /OUTPUT 1 "cout";
L_0x7165193b7138 .functor BUFT 1, C4<0>, C4<0>, C4<0>, C4<0>;
v0x5e81d07ab690_0 .net *"_ivl_10", 0 0, L_0x7165193b7138;  1 drivers
v0x5e81d07ab790_0 .net *"_ivl_11", 1 0, L_0x5e81d07b4650;  1 drivers
v0x5e81d07ab870_0 .net *"_ivl_13", 1 0, L_0x5e81d07b4790;  1 drivers
L_0x7165193b7180 .functor BUFT 1, C4<0>, C4<0>, C4<0>, C4<0>;
v0x5e81d07ab930_0 .net *"_ivl_16", 0 0, L_0x7165193b7180;  1 drivers
v0x5e81d07aba10_0 .net *"_ivl_17", 1 0, L_0x5e81d07b48c0;  1 drivers
v0x5e81d07abb40_0 .net *"_ivl_3", 1 0, L_0x5e81d07b43f0;  1 drivers
L_0x7165193b70f0 .functor BUFT 1, C4<0>, C4<0>, C4<0>, C4<0>;
v0x5e81d07abc20_0 .net *"_ivl_6", 0 0, L_0x7165193b70f0;  1 drivers
v0x5e81d07abd00_0 .net *"_ivl_7", 1 0, L_0x5e81d07b44e0;  1 drivers
v0x5e81d07abde0_0 .net "a", 0 0, L_0x5e81d07b4a00;  1 drivers
v0x5e81d07abea0_0 .net "b", 0 0, L_0x5e81d07b4af0;  1 drivers
v0x5e81d07abf60_0 .net "cin", 0 0, L_0x5e81d07b4be0;  1 drivers
v0x5e81d07ac020_0 .net "cout", 0 0, L_0x5e81d07b4260;  1 drivers
v0x5e81d07ac0e0_0 .net "sum", 0 0, L_0x5e81d07b4300;  1 drivers
L_0x5e81d07b4260 .part L_0x5e81d07b48c0, 1, 1;
L_0x5e81d07b4300 .part L_0x5e81d07b48c0, 0, 1;
L_0x5e81d07b43f0 .concat [ 1 1 0 0], L_0x5e81d07b4a00, L_0x7165193b70f0;
L_0x5e81d07b44e0 .concat [ 1 1 0 0], L_0x5e81d07b4af0, L_0x7165193b7138;
L_0x5e81d07b4650 .arith/sum 2, L_0x5e81d07b43f0, L_0x5e81d07b44e0;
L_0x5e81d07b4790 .concat [ 1 1 0 0], L_0x5e81d07b4be0, L_0x7165193b7180;
L_0x5e81d07b48c0 .arith/sum 2, L_0x5e81d07b4650, L_0x5e81d07b4790;
S_0x5e81d07ac240 .scope generate, "fa_loop[2]" "fa_loop[2]" 4 14, 4 14 0, S_0x5e81d076af40;
 .timescale 0 0;
P_0x5e81d07ac3f0 .param/l "i" 1 4 14, +C4<010>;
S_0x5e81d07ac4b0 .scope module, "fa" "full_adder" 4 15, 5 1 0, S_0x5e81d07ac240;
 .timescale 0 0;
    .port_info 0 /INPUT 1 "a";
    .port_info 1 /INPUT 1 "b";
    .port_info 2 /INPUT 1 "cin";
    .port_info 3 /OUTPUT 1 "sum";
    .port_info 4 /OUTPUT 1 "cout";
L_0x7165193b7210 .functor BUFT 1, C4<0>, C4<0>, C4<0>, C4<0>;
v0x5e81d07ac690_0 .net *"_ivl_10", 0 0, L_0x7165193b7210;  1 drivers
v0x5e81d07ac790_0 .net *"_ivl_11", 1 0, L_0x5e81d07b50d0;  1 drivers
v0x5e81d07ac870_0 .net *"_ivl_13", 1 0, L_0x5e81d07b5210;  1 drivers
L_0x7165193b7258 .functor BUFT 1, C4<0>, C4<0>, C4<0>, C4<0>;
v0x5e81d07ac930_0 .net *"_ivl_16", 0 0, L_0x7165193b7258;  1 drivers
v0x5e81d07aca10_0 .net *"_ivl_17", 1 0, L_0x5e81d07b5400;  1 drivers
v0x5e81d07acb40_0 .net *"_ivl_3", 1 0, L_0x5e81d07b4ef0;  1 drivers
L_0x7165193b71c8 .functor BUFT 1, C4<0>, C4<0>, C4<0>, C4<0>;
v0x5e81d07acc20_0 .net *"_ivl_6", 0 0, L_0x7165193b71c8;  1 drivers
v0x5e81d07acd00_0 .net *"_ivl_7", 1 0, L_0x5e81d07b4fe0;  1 drivers
v0x5e81d07acde0_0 .net "a", 0 0, L_0x5e81d07b54f0;  1 drivers
v0x5e81d07acea0_0 .net "b", 0 0, L_0x5e81d07b5670;  1 drivers
v0x5e81d07acf60_0 .net "cin", 0 0, L_0x5e81d07b57f0;  1 drivers
v0x5e81d07ad020_0 .net "cout", 0 0, L_0x5e81d07b4d60;  1 drivers
v0x5e81d07ad0e0_0 .net "sum", 0 0, L_0x5e81d07b4e00;  1 drivers
L_0x5e81d07b4d60 .part L_0x5e81d07b5400, 1, 1;
L_0x5e81d07b4e00 .part L_0x5e81d07b5400, 0, 1;
L_0x5e81d07b4ef0 .concat [ 1 1 0 0], L_0x5e81d07b54f0, L_0x7165193b71c8;
L_0x5e81d07b4fe0 .concat [ 1 1 0 0], L_0x5e81d07b5670, L_0x7165193b7210;
L_0x5e81d07b50d0 .arith/sum 2, L_0x5e81d07b4ef0, L_0x5e81d07b4fe0;
L_0x5e81d07b5210 .concat [ 1 1 0 0], L_0x5e81d07b57f0, L_0x7165193b7258;
L_0x5e81d07b5400 .arith/sum 2, L_0x5e81d07b50d0, L_0x5e81d07b5210;
S_0x5e81d07ad240 .scope generate, "fa_loop[3]" "fa_loop[3]" 4 14, 4 14 0, S_0x5e81d076af40;
 .timescale 0 0;
P_0x5e81d07ad3f0 .param/l "i" 1 4 14, +C4<011>;
S_0x5e81d07ad4d0 .scope module, "fa" "full_adder" 4 15, 5 1 0, S_0x5e81d07ad240;
 .timescale 0 0;
    .port_info 0 /INPUT 1 "a";
    .port_info 1 /INPUT 1 "b";
    .port_info 2 /INPUT 1 "cin";
    .port_info 3 /OUTPUT 1 "sum";
    .port_info 4 /OUTPUT 1 "cout";
L_0x7165193b72e8 .functor BUFT 1, C4<0>, C4<0>, C4<0>, C4<0>;
v0x5e81d07ad6b0_0 .net *"_ivl_10", 0 0, L_0x7165193b72e8;  1 drivers
v0x5e81d07ad7b0_0 .net *"_ivl_11", 1 0, L_0x5e81d07b5c00;  1 drivers
v0x5e81d07ad890_0 .net *"_ivl_13", 1 0, L_0x5e81d07b5d40;  1 drivers
L_0x7165193b7330 .functor BUFT 1, C4<0>, C4<0>, C4<0>, C4<0>;
v0x5e81d07ad950_0 .net *"_ivl_16", 0 0, L_0x7165193b7330;  1 drivers
v0x5e81d07ada30_0 .net *"_ivl_17", 1 0, L_0x5e81d07b5e60;  1 drivers
v0x5e81d07adb60_0 .net *"_ivl_3", 1 0, L_0x5e81d07b5a20;  1 drivers
L_0x7165193b72a0 .functor BUFT 1, C4<0>, C4<0>, C4<0>, C4<0>;
v0x5e81d07adc40_0 .net *"_ivl_6", 0 0, L_0x7165193b72a0;  1 drivers
v0x5e81d07add20_0 .net *"_ivl_7", 1 0, L_0x5e81d07b5b10;  1 drivers
v0x5e81d07ade00_0 .net "a", 0 0, L_0x5e81d07b5fa0;  1 drivers
v0x5e81d07adf50_0 .net "b", 0 0, L_0x5e81d07b60f0;  1 drivers
v0x5e81d07ae010_0 .net "cin", 0 0, L_0x5e81d07b6190;  1 drivers
v0x5e81d07ae0d0_0 .net "cout", 0 0, L_0x5e81d07b5890;  1 drivers
v0x5e81d07ae190_0 .net "sum", 0 0, L_0x5e81d07b5930;  1 drivers
L_0x5e81d07b5890 .part L_0x5e81d07b5e60, 1, 1;
L_0x5e81d07b5930 .part L_0x5e81d07b5e60, 0, 1;
L_0x5e81d07b5a20 .concat [ 1 1 0 0], L_0x5e81d07b5fa0, L_0x7165193b72a0;
L_0x5e81d07b5b10 .concat [ 1 1 0 0], L_0x5e81d07b60f0, L_0x7165193b72e8;
L_0x5e81d07b5c00 .arith/sum 2, L_0x5e81d07b5a20, L_0x5e81d07b5b10;
L_0x5e81d07b5d40 .concat [ 1 1 0 0], L_0x5e81d07b6190, L_0x7165193b7330;
L_0x5e81d07b5e60 .arith/sum 2, L_0x5e81d07b5c00, L_0x5e81d07b5d40;
S_0x5e81d07ae2f0 .scope generate, "fa_loop[4]" "fa_loop[4]" 4 14, 4 14 0, S_0x5e81d076af40;
 .timescale 0 0;
P_0x5e81d07ae4f0 .param/l "i" 1 4 14, +C4<0100>;
S_0x5e81d07ae5d0 .scope module, "fa" "full_adder" 4 15, 5 1 0, S_0x5e81d07ae2f0;
 .timescale 0 0;
    .port_info 0 /INPUT 1 "a";
    .port_info 1 /INPUT 1 "b";
    .port_info 2 /INPUT 1 "cin";
    .port_info 3 /OUTPUT 1 "sum";
    .port_info 4 /OUTPUT 1 "cout";
L_0x7165193b73c0 .functor BUFT 1, C4<0>, C4<0>, C4<0>, C4<0>;
v0x5e81d07ae7b0_0 .net *"_ivl_10", 0 0, L_0x7165193b73c0;  1 drivers
v0x5e81d07ae8b0_0 .net *"_ivl_11", 1 0, L_0x5e81d07b66b0;  1 drivers
v0x5e81d07ae990_0 .net *"_ivl_13", 1 0, L_0x5e81d07b67f0;  1 drivers
L_0x7165193b7408 .functor BUFT 1, C4<0>, C4<0>, C4<0>, C4<0>;
v0x5e81d07aea50_0 .net *"_ivl_16", 0 0, L_0x7165193b7408;  1 drivers
v0x5e81d07aeb30_0 .net *"_ivl_17", 1 0, L_0x5e81d07b6950;  1 drivers
v0x5e81d07aec60_0 .net *"_ivl_3", 1 0, L_0x5e81d07b64c0;  1 drivers
L_0x7165193b7378 .functor BUFT 1, C4<0>, C4<0>, C4<0>, C4<0>;
v0x5e81d07aed40_0 .net *"_ivl_6", 0 0, L_0x7165193b7378;  1 drivers
v0x5e81d07aee20_0 .net *"_ivl_7", 1 0, L_0x5e81d07b6560;  1 drivers
v0x5e81d07aef00_0 .net "a", 0 0, L_0x5e81d07b6a90;  1 drivers
v0x5e81d07af050_0 .net "b", 0 0, L_0x5e81d07b6b80;  1 drivers
v0x5e81d07af110_0 .net "cin", 0 0, L_0x5e81d07b6cf0;  1 drivers
v0x5e81d07af1d0_0 .net "cout", 0 0, L_0x5e81d07b6380;  1 drivers
v0x5e81d07af290_0 .net "sum", 0 0, L_0x5e81d07b6420;  1 drivers
L_0x5e81d07b6380 .part L_0x5e81d07b6950, 1, 1;
L_0x5e81d07b6420 .part L_0x5e81d07b6950, 0, 1;
L_0x5e81d07b64c0 .concat [ 1 1 0 0], L_0x5e81d07b6a90, L_0x7165193b7378;
L_0x5e81d07b6560 .concat [ 1 1 0 0], L_0x5e81d07b6b80, L_0x7165193b73c0;
L_0x5e81d07b66b0 .arith/sum 2, L_0x5e81d07b64c0, L_0x5e81d07b6560;
L_0x5e81d07b67f0 .concat [ 1 1 0 0], L_0x5e81d07b6cf0, L_0x7165193b7408;
L_0x5e81d07b6950 .arith/sum 2, L_0x5e81d07b66b0, L_0x5e81d07b67f0;
S_0x5e81d07af3f0 .scope generate, "fa_loop[5]" "fa_loop[5]" 4 14, 4 14 0, S_0x5e81d076af40;
 .timescale 0 0;
P_0x5e81d07af5a0 .param/l "i" 1 4 14, +C4<0101>;
S_0x5e81d07af680 .scope module, "fa" "full_adder" 4 15, 5 1 0, S_0x5e81d07af3f0;
 .timescale 0 0;
    .port_info 0 /INPUT 1 "a";
    .port_info 1 /INPUT 1 "b";
    .port_info 2 /INPUT 1 "cin";
    .port_info 3 /OUTPUT 1 "sum";
    .port_info 4 /OUTPUT 1 "cout";
L_0x7165193b7498 .functor BUFT 1, C4<0>, C4<0>, C4<0>, C4<0>;
v0x5e81d07af860_0 .net *"_ivl_10", 0 0, L_0x7165193b7498;  1 drivers
v0x5e81d07af960_0 .net *"_ivl_11", 1 0, L_0x5e81d07b7130;  1 drivers
v0x5e81d07afa40_0 .net *"_ivl_13", 1 0, L_0x5e81d07b7270;  1 drivers
L_0x7165193b74e0 .functor BUFT 1, C4<0>, C4<0>, C4<0>, C4<0>;
v0x5e81d07afb00_0 .net *"_ivl_16", 0 0, L_0x7165193b74e0;  1 drivers
v0x5e81d07afbe0_0 .net *"_ivl_17", 1 0, L_0x5e81d07b73d0;  1 drivers
v0x5e81d07afd10_0 .net *"_ivl_3", 1 0, L_0x5e81d07b6f20;  1 drivers
L_0x7165193b7450 .functor BUFT 1, C4<0>, C4<0>, C4<0>, C4<0>;
v0x5e81d07afdf0_0 .net *"_ivl_6", 0 0, L_0x7165193b7450;  1 drivers
v0x5e81d07afed0_0 .net *"_ivl_7", 1 0, L_0x5e81d07b7010;  1 drivers
v0x5e81d07affb0_0 .net "a", 0 0, L_0x5e81d07b7510;  1 drivers
v0x5e81d07b0100_0 .net "b", 0 0, L_0x5e81d07b7690;  1 drivers
v0x5e81d07b01c0_0 .net "cin", 0 0, L_0x5e81d07b7730;  1 drivers
v0x5e81d07b0280_0 .net "cout", 0 0, L_0x5e81d07b6d90;  1 drivers
v0x5e81d07b0340_0 .net "sum", 0 0, L_0x5e81d07b6e30;  1 drivers
L_0x5e81d07b6d90 .part L_0x5e81d07b73d0, 1, 1;
L_0x5e81d07b6e30 .part L_0x5e81d07b73d0, 0, 1;
L_0x5e81d07b6f20 .concat [ 1 1 0 0], L_0x5e81d07b7510, L_0x7165193b7450;
L_0x5e81d07b7010 .concat [ 1 1 0 0], L_0x5e81d07b7690, L_0x7165193b7498;
L_0x5e81d07b7130 .arith/sum 2, L_0x5e81d07b6f20, L_0x5e81d07b7010;
L_0x5e81d07b7270 .concat [ 1 1 0 0], L_0x5e81d07b7730, L_0x7165193b74e0;
L_0x5e81d07b73d0 .arith/sum 2, L_0x5e81d07b7130, L_0x5e81d07b7270;
S_0x5e81d07b04a0 .scope generate, "fa_loop[6]" "fa_loop[6]" 4 14, 4 14 0, S_0x5e81d076af40;
 .timescale 0 0;
P_0x5e81d07b0650 .param/l "i" 1 4 14, +C4<0110>;
S_0x5e81d07b0730 .scope module, "fa" "full_adder" 4 15, 5 1 0, S_0x5e81d07b04a0;
 .timescale 0 0;
    .port_info 0 /INPUT 1 "a";
    .port_info 1 /INPUT 1 "b";
    .port_info 2 /INPUT 1 "cin";
    .port_info 3 /OUTPUT 1 "sum";
    .port_info 4 /OUTPUT 1 "cout";
L_0x7165193b7570 .functor BUFT 1, C4<0>, C4<0>, C4<0>, C4<0>;
v0x5e81d07b0910_0 .net *"_ivl_10", 0 0, L_0x7165193b7570;  1 drivers
v0x5e81d07b0a10_0 .net *"_ivl_11", 1 0, L_0x5e81d07b7be0;  1 drivers
v0x5e81d07b0af0_0 .net *"_ivl_13", 1 0, L_0x5e81d07b7d20;  1 drivers
L_0x7165193b75b8 .functor BUFT 1, C4<0>, C4<0>, C4<0>, C4<0>;
v0x5e81d07b0bb0_0 .net *"_ivl_16", 0 0, L_0x7165193b75b8;  1 drivers
v0x5e81d07b0c90_0 .net *"_ivl_17", 1 0, L_0x5e81d07b7e10;  1 drivers
v0x5e81d07b0dc0_0 .net *"_ivl_3", 1 0, L_0x5e81d07b7a00;  1 drivers
L_0x7165193b7528 .functor BUFT 1, C4<0>, C4<0>, C4<0>, C4<0>;
v0x5e81d07b0ea0_0 .net *"_ivl_6", 0 0, L_0x7165193b7528;  1 drivers
v0x5e81d07b0f80_0 .net *"_ivl_7", 1 0, L_0x5e81d07b7af0;  1 drivers
v0x5e81d07b1060_0 .net "a", 0 0, L_0x5e81d07b7f50;  1 drivers
v0x5e81d07b11b0_0 .net "b", 0 0, L_0x5e81d07b8040;  1 drivers
v0x5e81d07b1270_0 .net "cin", 0 0, L_0x5e81d07b7820;  1 drivers
v0x5e81d07b1330_0 .net "cout", 0 0, L_0x5e81d07b78c0;  1 drivers
v0x5e81d07b13f0_0 .net "sum", 0 0, L_0x5e81d07b7960;  1 drivers
L_0x5e81d07b78c0 .part L_0x5e81d07b7e10, 1, 1;
L_0x5e81d07b7960 .part L_0x5e81d07b7e10, 0, 1;
L_0x5e81d07b7a00 .concat [ 1 1 0 0], L_0x5e81d07b7f50, L_0x7165193b7528;
L_0x5e81d07b7af0 .concat [ 1 1 0 0], L_0x5e81d07b8040, L_0x7165193b7570;
L_0x5e81d07b7be0 .arith/sum 2, L_0x5e81d07b7a00, L_0x5e81d07b7af0;
L_0x5e81d07b7d20 .concat [ 1 1 0 0], L_0x5e81d07b7820, L_0x7165193b75b8;
L_0x5e81d07b7e10 .arith/sum 2, L_0x5e81d07b7be0, L_0x5e81d07b7d20;
S_0x5e81d07b1550 .scope generate, "fa_loop[7]" "fa_loop[7]" 4 14, 4 14 0, S_0x5e81d076af40;
 .timescale 0 0;
P_0x5e81d07b1700 .param/l "i" 1 4 14, +C4<0111>;
S_0x5e81d07b17e0 .scope module, "fa" "full_adder" 4 15, 5 1 0, S_0x5e81d07b1550;
 .timescale 0 0;
    .port_info 0 /INPUT 1 "a";
    .port_info 1 /INPUT 1 "b";
    .port_info 2 /INPUT 1 "cin";
    .port_info 3 /OUTPUT 1 "sum";
    .port_info 4 /OUTPUT 1 "cout";
L_0x7165193b7648 .functor BUFT 1, C4<0>, C4<0>, C4<0>, C4<0>;
v0x5e81d07b19c0_0 .net *"_ivl_10", 0 0, L_0x7165193b7648;  1 drivers
v0x5e81d07b1ac0_0 .net *"_ivl_11", 1 0, L_0x5e81d07b8710;  1 drivers
v0x5e81d07b1ba0_0 .net *"_ivl_13", 1 0, L_0x5e81d07b8850;  1 drivers
L_0x7165193b7690 .functor BUFT 1, C4<0>, C4<0>, C4<0>, C4<0>;
v0x5e81d07b1c60_0 .net *"_ivl_16", 0 0, L_0x7165193b7690;  1 drivers
v0x5e81d07b1d40_0 .net *"_ivl_17", 1 0, L_0x5e81d07b89b0;  1 drivers
v0x5e81d07b1e70_0 .net *"_ivl_3", 1 0, L_0x5e81d07b84d0;  1 drivers
L_0x7165193b7600 .functor BUFT 1, C4<0>, C4<0>, C4<0>, C4<0>;
v0x5e81d07b1f50_0 .net *"_ivl_6", 0 0, L_0x7165193b7600;  1 drivers
v0x5e81d07b2030_0 .net *"_ivl_7", 1 0, L_0x5e81d07b85c0;  1 drivers
v0x5e81d07b2110_0 .net "a", 0 0, L_0x5e81d07b8af0;  1 drivers
v0x5e81d07b2260_0 .net "b", 0 0, L_0x5e81d07b8240;  1 drivers
v0x5e81d07b2320_0 .net "cin", 0 0, L_0x5e81d07b8cf0;  1 drivers
v0x5e81d07b23e0_0 .net "cout", 0 0, L_0x5e81d07b8340;  1 drivers
v0x5e81d07b24a0_0 .net "sum", 0 0, L_0x5e81d07b83e0;  1 drivers
L_0x5e81d07b8340 .part L_0x5e81d07b89b0, 1, 1;
L_0x5e81d07b83e0 .part L_0x5e81d07b89b0, 0, 1;
L_0x5e81d07b84d0 .concat [ 1 1 0 0], L_0x5e81d07b8af0, L_0x7165193b7600;
L_0x5e81d07b85c0 .concat [ 1 1 0 0], L_0x5e81d07b8240, L_0x7165193b7648;
L_0x5e81d07b8710 .arith/sum 2, L_0x5e81d07b84d0, L_0x5e81d07b85c0;
L_0x5e81d07b8850 .concat [ 1 1 0 0], L_0x5e81d07b8cf0, L_0x7165193b7690;
L_0x5e81d07b89b0 .arith/sum 2, L_0x5e81d07b8710, L_0x5e81d07b8850;
    .scope S_0x5e81d0788fd0;
T_1 ;
    %pushi/vec4 0, 0, 32;
    %store/vec4 v0x5e81d07b2fa0_0, 0, 32;
    %pushi/vec4 0, 0, 32;
    %store/vec4 v0x5e81d07b3130_0, 0, 32;
T_1.0 ;
    %load/vec4 v0x5e81d07b3130_0;
    %cmpi/s 256, 0, 32;
    %jmp/0xz T_1.1, 5;
    %pushi/vec4 0, 0, 32;
    %store/vec4 v0x5e81d07b32f0_0, 0, 32;
T_1.2 ;
    %load/vec4 v0x5e81d07b32f0_0;
    %cmpi/s 256, 0, 32;
    %jmp/0xz T_1.3, 5;
    %pushi/vec4 0, 0, 32;
    %store/vec4 v0x5e81d07b3460_0, 0, 32;
T_1.4 ;
    %load/vec4 v0x5e81d07b3460_0;
    %cmpi/s 2, 0, 32;
    %jmp/0xz T_1.5, 5;
    %load/vec4 v0x5e81d07b3130_0;
    %pad/s 8;
    %store/vec4 v0x5e81d07b2c80_0, 0, 8;
    %load/vec4 v0x5e81d07b32f0_0;
    %pad/s 8;
    %store/vec4 v0x5e81d07b2d60_0, 0, 8;
    %load/vec4 v0x5e81d07b3460_0;
    %pad/s 1;
    %store/vec4 v0x5e81d07b2e00_0, 0, 1;
    %delay 10000, 0;
    %fork TD_tb_full_adder_nbit.check_result, S_0x5e81d0785d10;
    %join;
    %load/vec4 v0x5e81d07b3460_0;
    %addi 1, 0, 32;
    %store/vec4 v0x5e81d07b3460_0, 0, 32;
    %jmp T_1.4;
T_1.5 ;
    %load/vec4 v0x5e81d07b32f0_0;
    %addi 1, 0, 32;
    %store/vec4 v0x5e81d07b32f0_0, 0, 32;
    %jmp T_1.2;
T_1.3 ;
    %load/vec4 v0x5e81d07b3130_0;
    %addi 1, 0, 32;
    %store/vec4 v0x5e81d07b3130_0, 0, 32;
    %jmp T_1.0;
T_1.1 ;
    %pushi/vec4 0, 0, 32;
    %store/vec4 v0x5e81d07b3210_0, 0, 32;
T_1.6 ;
    %load/vec4 v0x5e81d07b3210_0;
    %cmpi/s 1000, 0, 32;
    %jmp/0xz T_1.7, 5;
    %vpi_func 3 44 "$random" 32 {0 0 0};
    %pushi/vec4 255, 0, 32;
    %mod/s;
    %pad/s 8;
    %store/vec4 v0x5e81d07b2c80_0, 0, 8;
    %vpi_func 3 45 "$random" 32 {0 0 0};
    %pushi/vec4 255, 0, 32;
    %mod/s;
    %pad/s 8;
    %store/vec4 v0x5e81d07b2d60_0, 0, 8;
    %vpi_func 3 46 "$random" 32 {0 0 0};
    %pushi/vec4 1, 0, 32;
    %mod;
    %pad/u 1;
    %store/vec4 v0x5e81d07b2e00_0, 0, 1;
    %delay 10000, 0;
    %fork TD_tb_full_adder_nbit.check_result, S_0x5e81d0785d10;
    %join;
    %load/vec4 v0x5e81d07b3210_0;
    %addi 1, 0, 32;
    %store/vec4 v0x5e81d07b3210_0, 0, 32;
    %jmp T_1.6;
T_1.7 ;
    %load/vec4 v0x5e81d07b2fa0_0;
    %cmpi/e 0, 0, 32;
    %jmp/0xz  T_1.8, 4;
    %vpi_call/w 3 52 "$display", "All tests passed!" {0 0 0};
    %jmp T_1.9;
T_1.8 ;
    %vpi_call/w 3 54 "$display", "$0d errors found.", v0x5e81d07b2fa0_0 {0 0 0};
T_1.9 ;
    %vpi_call/w 3 55 "$finish" {0 0 0};
    %end;
    .thread T_1;
# The file index is used to find the file name in the following table.
:file_names 6;
    "N/A";
    "<interactive>";
    "-";
    "tb/tb_full_adder_nbit.v";
    "rtl/full_adder_nbit.v";
    "rtl/full_adder.v";
