#! /usr/bin/vvp
:ivl_version "12.0 (stable)";
:ivl_delay_selection "TYPICAL";
:vpi_time_precision - 12;
:vpi_module "/usr/lib/x86_64-linux-gnu/ivl/system.vpi";
:vpi_module "/usr/lib/x86_64-linux-gnu/ivl/vhdl_sys.vpi";
:vpi_module "/usr/lib/x86_64-linux-gnu/ivl/vhdl_textio.vpi";
:vpi_module "/usr/lib/x86_64-linux-gnu/ivl/v2005_math.vpi";
:vpi_module "/usr/lib/x86_64-linux-gnu/ivl/va_math.vpi";
:vpi_module "/usr/lib/x86_64-linux-gnu/ivl/v2009.vpi";
S_0x62d6e0702210 .scope package, "$unit" "$unit" 2 1;
 .timescale 0 0;
S_0x62d6e06c4000 .scope package, "timer_pkg" "timer_pkg" 3 1;
 .timescale 0 0;
P_0x62d6e06f06f0 .param/l "MAX_COUNT" 1 3 4, C4<1111100111>;
P_0x62d6e06f0730 .param/l "MAX_HOUR" 1 3 3, C4<10111>;
P_0x62d6e06f0770 .param/l "MAX_SEC_MIN" 1 3 2, C4<111011>;
enum0x62d6e06af7e0 .enum4 (2)
   "CMD_NOP" 2'b00,
   "CMD_RESET" 2'b01,
   "CMD_RUN" 2'b10,
   "CMD_PAUSE" 2'b11
 ;
enum0x62d6e06bfeb0 .enum4 (2)
   "ST_IDLE" 2'b00,
   "ST_RUN" 2'b01,
   "ST_PAUSE" 2'b10
 ;
S_0x62d6e06c41e0 .scope module, "timer_tb" "timer_tb" 4 9;
 .timescale -3 -12;
P_0x62d6e06ff4b0 .param/l "CLK_PERIOD" 1 4 14, +C4<00000000000000000000000000000001>;
P_0x62d6e06ff4f0 .param/l "TICK_1HZ" 1 4 15, +C4<00000000000000000000001111101000>;
v0x62d6e0724130_0 .var "clk", 0 0;
v0x62d6e07241f0_0 .var "cmd", 1 0;
v0x62d6e07242b0_0 .var "exp_hour", 4 0;
v0x62d6e0724350_0 .var "exp_min", 5 0;
v0x62d6e0724430_0 .var "exp_overflow", 0 0;
v0x62d6e0724540_0 .var "exp_sec", 5 0;
v0x62d6e0724620_0 .net "hour", 4 0, v0x62d6e06f6e70_0;  1 drivers
v0x62d6e0724730_0 .net "min", 5 0, v0x62d6e06f1990_0;  1 drivers
v0x62d6e0724840_0 .net "overflow", 0 0, v0x62d6e07229c0_0;  1 drivers
v0x62d6e07248e0_0 .var "rst_n", 0 0;
v0x62d6e0724980_0 .net "sec", 5 0, v0x62d6e0722b40_0;  1 drivers
v0x62d6e0724a90_0 .var/2s "tests_failed", 31 0;
v0x62d6e0724b70_0 .var/2s "tests_passed", 31 0;
E_0x62d6e06c84c0 .event negedge, v0x62d6e06ff860_0;
E_0x62d6e06c8d50 .event posedge, v0x62d6e07229c0_0;
E_0x62d6e06c9d20 .event posedge, v0x62d6e06ff860_0;
S_0x62d6e06cf4a0 .scope autotask, "check_output" "check_output" 4 113, 4 113 0, S_0x62d6e06c41e0;
 .timescale -3 -12;
TD_timer_tb.check_output ;
    %load/vec4 v0x62d6e0724540_0;
    %load/vec4 v0x62d6e0724980_0;
    %cmp/e;
    %flag_get/vec4 4;
    %jmp/0 T_0.4, 4;
    %load/vec4 v0x62d6e0724350_0;
    %load/vec4 v0x62d6e0724730_0;
    %cmp/e;
    %flag_get/vec4 4;
    %and;
T_0.4;
    %flag_set/vec4 10;
    %flag_get/vec4 10;
    %jmp/0 T_0.3, 10;
    %load/vec4 v0x62d6e07242b0_0;
    %load/vec4 v0x62d6e0724620_0;
    %cmp/e;
    %flag_get/vec4 4;
    %and;
T_0.3;
    %flag_set/vec4 9;
    %flag_get/vec4 9;
    %jmp/0 T_0.2, 9;
    %load/vec4 v0x62d6e0724430_0;
    %load/vec4 v0x62d6e0724840_0;
    %cmp/e;
    %flag_get/vec4 4;
    %and;
T_0.2;
    %flag_set/vec4 8;
    %jmp/0xz  T_0.0, 8;
    %load/vec4 v0x62d6e0724b70_0;
    %addi 1, 0, 32;
    %cast2;
    %store/vec4 v0x62d6e0724b70_0, 0, 32;
    %vpi_call/w 4 122 "$display", "[%0t] PASS:  expected= %0d:%0d:%0d|ovf=%0d  got= %0d:%0d:%0d|ovf=%0d", $time, v0x62d6e07242b0_0, v0x62d6e0724350_0, v0x62d6e0724540_0, v0x62d6e0724430_0, v0x62d6e0724620_0, v0x62d6e0724730_0, v0x62d6e0724980_0, v0x62d6e0724840_0 {0 0 0};
    %jmp T_0.1;
T_0.0 ;
    %load/vec4 v0x62d6e0724a90_0;
    %addi 1, 0, 32;
    %cast2;
    %store/vec4 v0x62d6e0724a90_0, 0, 32;
    %vpi_call/w 4 130 "$display", "[%0t] ERROR: expected= %0d:%0d:%0d|ovf=%0d  got= %0d:%0d:%0d|ovf=%0d", $time, v0x62d6e07242b0_0, v0x62d6e0724350_0, v0x62d6e0724540_0, v0x62d6e0724430_0, v0x62d6e0724620_0, v0x62d6e0724730_0, v0x62d6e0724980_0, v0x62d6e0724840_0 {0 0 0};
T_0.1 ;
    %end;
S_0x62d6e06cf680 .scope autotask, "reset_dut" "reset_dut" 4 79, 4 79 0, S_0x62d6e06c41e0;
 .timescale -3 -12;
TD_timer_tb.reset_dut ;
    %pushi/vec4 0, 0, 1;
    %store/vec4 v0x62d6e07248e0_0, 0, 1;
    %pushi/vec4 0, 0, 2;
    %store/vec4 v0x62d6e07241f0_0, 0, 2;
    %pushi/vec4 20, 0, 32;
T_1.5 %dup/vec4;
    %pushi/vec4 0, 0, 32;
    %cmp/s;
    %jmp/1xz T_1.6, 5;
    %jmp/1 T_1.6, 4;
    %pushi/vec4 1, 0, 32;
    %sub;
    %wait E_0x62d6e06c9d20;
    %jmp T_1.5;
T_1.6 ;
    %pop/vec4 1;
    %pushi/vec4 1, 0, 1;
    %store/vec4 v0x62d6e07248e0_0, 0, 1;
    %pushi/vec4 20, 0, 32;
T_1.7 %dup/vec4;
    %pushi/vec4 0, 0, 32;
    %cmp/s;
    %jmp/1xz T_1.8, 5;
    %jmp/1 T_1.8, 4;
    %pushi/vec4 1, 0, 32;
    %sub;
    %wait E_0x62d6e06c9d20;
    %jmp T_1.7;
T_1.8 ;
    %pop/vec4 1;
    %end;
S_0x62d6e06d66d0 .scope autotask, "send_command" "send_command" 4 96, 4 96 0, S_0x62d6e06c41e0;
 .timescale -3 -12;
v0x62d6e06faa60_0 .var "cmd_to_send", 1 0;
TD_timer_tb.send_command ;
    %wait E_0x62d6e06c84c0;
    %load/vec4 v0x62d6e06faa60_0;
    %store/vec4 v0x62d6e07241f0_0, 0, 2;
    %wait E_0x62d6e06c9d20;
    %wait E_0x62d6e06c84c0;
    %pushi/vec4 0, 0, 2;
    %store/vec4 v0x62d6e07241f0_0, 0, 2;
    %wait E_0x62d6e06c9d20;
    %end;
S_0x62d6e07220d0 .scope module, "uut" "timer" 4 35, 5 12 0, S_0x62d6e06c41e0;
 .timescale 0 0;
    .port_info 0 /INPUT 1 "clk";
    .port_info 1 /INPUT 1 "rst_n";
    .port_info 2 /INPUT 2 "cmd";
    .port_info 3 /OUTPUT 6 "sec";
    .port_info 4 /OUTPUT 6 "min";
    .port_info 5 /OUTPUT 5 "hour";
    .port_info 6 /OUTPUT 1 "overflow";
v0x62d6e07236a0_0 .var "clear", 0 0;
v0x62d6e07237b0_0 .net "clk", 0 0, v0x62d6e0724130_0;  1 drivers
v0x62d6e07238c0_0 .net "cmd", 1 0, v0x62d6e07241f0_0;  1 drivers
v0x62d6e0723960_0 .var "enable", 0 0;
v0x62d6e0723a50_0 .net "hour", 4 0, v0x62d6e06f6e70_0;  alias, 1 drivers
v0x62d6e0723b60_0 .net "min", 5 0, v0x62d6e06f1990_0;  alias, 1 drivers
v0x62d6e0723c00_0 .var "next_state", 1 0;
v0x62d6e0723cc0_0 .net "overflow", 0 0, v0x62d6e07229c0_0;  alias, 1 drivers
v0x62d6e0723d60_0 .net "rst_n", 0 0, v0x62d6e07248e0_0;  1 drivers
v0x62d6e0723e00_0 .net "sec", 5 0, v0x62d6e0722b40_0;  alias, 1 drivers
v0x62d6e0723ea0_0 .var "state", 1 0;
v0x62d6e0723f60_0 .net "tick_1hz", 0 0, v0x62d6e07235e0_0;  1 drivers
E_0x62d6e06ca510 .event anyedge, v0x62d6e0723ea0_0, v0x62d6e07238c0_0;
S_0x62d6e07223a0 .scope module, "c_inst" "counter" 5 36, 6 4 0, S_0x62d6e07220d0;
 .timescale 0 0;
    .port_info 0 /INPUT 1 "clk";
    .port_info 1 /INPUT 1 "rst_n";
    .port_info 2 /INPUT 1 "tick_1hz";
    .port_info 3 /INPUT 1 "enable";
    .port_info 4 /INPUT 1 "clear";
    .port_info 5 /OUTPUT 6 "sec";
    .port_info 6 /OUTPUT 6 "min";
    .port_info 7 /OUTPUT 5 "hour";
    .port_info 8 /OUTPUT 1 "overflow";
L_0x62d6e06f05d0 .functor AND 1, v0x62d6e0723960_0, v0x62d6e07235e0_0, C4<1>, C4<1>;
L_0x62d6e06eede0 .functor AND 1, L_0x62d6e0724c70, L_0x62d6e06f05d0, C4<1>, C4<1>;
L_0x62d6e06efa40 .functor BUFZ 1, L_0x62d6e06eede0, C4<0>, C4<0>, C4<0>;
L_0x62d6e06fa8c0 .functor AND 1, L_0x62d6e0724e70, L_0x62d6e06efa40, C4<1>, C4<1>;
L_0x62d6e06fbee0 .functor BUFZ 1, L_0x62d6e06fa8c0, C4<0>, C4<0>, C4<0>;
L_0x62d6e06fc0c0 .functor AND 1, L_0x62d6e0725080, L_0x62d6e06fbee0, C4<1>, C4<1>;
L_0x7d49a97b7060 .functor BUFT 1, C4<111011>, C4<0>, C4<0>, C4<0>;
v0x62d6e06fc000_0 .net/2u *"_ivl_10", 5 0, L_0x7d49a97b7060;  1 drivers
v0x62d6e06fc1e0_0 .net *"_ivl_12", 0 0, L_0x62d6e0724e70;  1 drivers
L_0x7d49a97b70a8 .functor BUFT 1, C4<10111>, C4<0>, C4<0>, C4<0>;
v0x62d6e06fcc20_0 .net/2u *"_ivl_18", 4 0, L_0x7d49a97b70a8;  1 drivers
L_0x7d49a97b7018 .functor BUFT 1, C4<111011>, C4<0>, C4<0>, C4<0>;
v0x62d6e06fd390_0 .net/2u *"_ivl_2", 5 0, L_0x7d49a97b7018;  1 drivers
v0x62d6e06fe340_0 .net *"_ivl_20", 0 0, L_0x62d6e0725080;  1 drivers
v0x62d6e06fe540_0 .net *"_ivl_4", 0 0, L_0x62d6e0724c70;  1 drivers
v0x62d6e06ff6a0_0 .net "clear", 0 0, v0x62d6e07236a0_0;  1 drivers
v0x62d6e06ff860_0 .net "clk", 0 0, v0x62d6e0724130_0;  alias, 1 drivers
v0x62d6e0700ab0_0 .net "enable", 0 0, v0x62d6e0723960_0;  1 drivers
v0x62d6e06f6e70_0 .var "hour", 4 0;
v0x62d6e06f6f40_0 .net "inc_hour", 0 0, L_0x62d6e06fbee0;  1 drivers
v0x62d6e06f82b0_0 .net "inc_min", 0 0, L_0x62d6e06efa40;  1 drivers
v0x62d6e06f18c0_0 .net "inc_sec", 0 0, L_0x62d6e06f05d0;  1 drivers
v0x62d6e06f1990_0 .var "min", 5 0;
v0x62d6e07229c0_0 .var "overflow", 0 0;
v0x62d6e0722a80_0 .net "rst_n", 0 0, v0x62d6e07248e0_0;  alias, 1 drivers
v0x62d6e0722b40_0 .var "sec", 5 0;
v0x62d6e0722c20_0 .net "tick_1hz", 0 0, v0x62d6e07235e0_0;  alias, 1 drivers
v0x62d6e0722ce0_0 .net "wrap_hour", 0 0, L_0x62d6e06fc0c0;  1 drivers
v0x62d6e0722da0_0 .net "wrap_min", 0 0, L_0x62d6e06fa8c0;  1 drivers
v0x62d6e0722e60_0 .net "wrap_sec", 0 0, L_0x62d6e06eede0;  1 drivers
E_0x62d6e06ca390/0 .event negedge, v0x62d6e0722a80_0;
E_0x62d6e06ca390/1 .event posedge, v0x62d6e06ff860_0;
E_0x62d6e06ca390 .event/or E_0x62d6e06ca390/0, E_0x62d6e06ca390/1;
L_0x62d6e0724c70 .cmp/eq 6, v0x62d6e0722b40_0, L_0x7d49a97b7018;
L_0x62d6e0724e70 .cmp/eq 6, v0x62d6e06f1990_0, L_0x7d49a97b7060;
L_0x62d6e0725080 .cmp/eq 5, v0x62d6e06f6e70_0, L_0x7d49a97b70a8;
S_0x62d6e0723040 .scope module, "fd_inst" "frequency_divider" 5 29, 7 3 0, S_0x62d6e07220d0;
 .timescale 0 0;
    .port_info 0 /INPUT 1 "clk";
    .port_info 1 /INPUT 1 "rst_n";
    .port_info 2 /INPUT 1 "enable";
    .port_info 3 /INPUT 1 "clear";
    .port_info 4 /OUTPUT 1 "tick_1hz";
v0x62d6e0723270_0 .net "clear", 0 0, v0x62d6e07236a0_0;  alias, 1 drivers
v0x62d6e0723310_0 .net "clk", 0 0, v0x62d6e0724130_0;  alias, 1 drivers
v0x62d6e07233b0_0 .var "counter", 9 0;
v0x62d6e0723450_0 .net "enable", 0 0, v0x62d6e0723960_0;  alias, 1 drivers
v0x62d6e07234f0_0 .net "rst_n", 0 0, v0x62d6e07248e0_0;  alias, 1 drivers
v0x62d6e07235e0_0 .var "tick_1hz", 0 0;
    .scope S_0x62d6e0723040;
T_3 ;
    %wait E_0x62d6e06ca390;
    %load/vec4 v0x62d6e07234f0_0;
    %nor/r;
    %flag_set/vec4 8;
    %jmp/0xz  T_3.0, 8;
    %pushi/vec4 0, 0, 10;
    %assign/vec4 v0x62d6e07233b0_0, 0;
    %pushi/vec4 0, 0, 1;
    %assign/vec4 v0x62d6e07235e0_0, 0;
    %jmp T_3.1;
T_3.0 ;
    %load/vec4 v0x62d6e0723270_0;
    %flag_set/vec4 8;
    %jmp/0xz  T_3.2, 8;
    %pushi/vec4 0, 0, 10;
    %assign/vec4 v0x62d6e07233b0_0, 0;
    %pushi/vec4 0, 0, 1;
    %assign/vec4 v0x62d6e07235e0_0, 0;
    %jmp T_3.3;
T_3.2 ;
    %pushi/vec4 0, 0, 1;
    %assign/vec4 v0x62d6e07235e0_0, 0;
    %load/vec4 v0x62d6e0723450_0;
    %flag_set/vec4 8;
    %jmp/0xz  T_3.4, 8;
    %load/vec4 v0x62d6e07233b0_0;
    %cmpi/e 999, 0, 10;
    %jmp/0xz  T_3.6, 4;
    %pushi/vec4 0, 0, 10;
    %assign/vec4 v0x62d6e07233b0_0, 0;
    %pushi/vec4 1, 0, 1;
    %assign/vec4 v0x62d6e07235e0_0, 0;
    %jmp T_3.7;
T_3.6 ;
    %load/vec4 v0x62d6e07233b0_0;
    %addi 1, 0, 10;
    %assign/vec4 v0x62d6e07233b0_0, 0;
T_3.7 ;
T_3.4 ;
T_3.3 ;
T_3.1 ;
    %jmp T_3;
    .thread T_3;
    .scope S_0x62d6e07223a0;
T_4 ;
    %wait E_0x62d6e06ca390;
    %load/vec4 v0x62d6e0722a80_0;
    %nor/r;
    %flag_set/vec4 8;
    %jmp/0xz  T_4.0, 8;
    %pushi/vec4 0, 0, 6;
    %assign/vec4 v0x62d6e0722b40_0, 0;
    %pushi/vec4 0, 0, 6;
    %assign/vec4 v0x62d6e06f1990_0, 0;
    %pushi/vec4 0, 0, 5;
    %assign/vec4 v0x62d6e06f6e70_0, 0;
    %pushi/vec4 0, 0, 1;
    %assign/vec4 v0x62d6e07229c0_0, 0;
    %jmp T_4.1;
T_4.0 ;
    %load/vec4 v0x62d6e06ff6a0_0;
    %flag_set/vec4 8;
    %jmp/0xz  T_4.2, 8;
    %pushi/vec4 0, 0, 6;
    %assign/vec4 v0x62d6e0722b40_0, 0;
    %pushi/vec4 0, 0, 6;
    %assign/vec4 v0x62d6e06f1990_0, 0;
    %pushi/vec4 0, 0, 5;
    %assign/vec4 v0x62d6e06f6e70_0, 0;
    %pushi/vec4 0, 0, 1;
    %assign/vec4 v0x62d6e07229c0_0, 0;
    %jmp T_4.3;
T_4.2 ;
    %pushi/vec4 0, 0, 1;
    %assign/vec4 v0x62d6e07229c0_0, 0;
    %load/vec4 v0x62d6e06f18c0_0;
    %flag_set/vec4 8;
    %jmp/0xz  T_4.4, 8;
    %load/vec4 v0x62d6e0722e60_0;
    %flag_set/vec4 8;
    %jmp/0 T_4.6, 8;
    %pushi/vec4 0, 0, 6;
    %jmp/1 T_4.7, 8;
T_4.6 ; End of true expr.
    %load/vec4 v0x62d6e0722b40_0;
    %addi 1, 0, 6;
    %jmp/0 T_4.7, 8;
 ; End of false expr.
    %blend;
T_4.7;
    %assign/vec4 v0x62d6e0722b40_0, 0;
T_4.4 ;
    %load/vec4 v0x62d6e06f82b0_0;
    %flag_set/vec4 8;
    %jmp/0xz  T_4.8, 8;
    %load/vec4 v0x62d6e0722da0_0;
    %flag_set/vec4 8;
    %jmp/0 T_4.10, 8;
    %pushi/vec4 0, 0, 6;
    %jmp/1 T_4.11, 8;
T_4.10 ; End of true expr.
    %load/vec4 v0x62d6e06f1990_0;
    %addi 1, 0, 6;
    %jmp/0 T_4.11, 8;
 ; End of false expr.
    %blend;
T_4.11;
    %assign/vec4 v0x62d6e06f1990_0, 0;
T_4.8 ;
    %load/vec4 v0x62d6e06f6f40_0;
    %flag_set/vec4 8;
    %jmp/0xz  T_4.12, 8;
    %load/vec4 v0x62d6e0722ce0_0;
    %flag_set/vec4 8;
    %jmp/0 T_4.14, 8;
    %pushi/vec4 0, 0, 5;
    %jmp/1 T_4.15, 8;
T_4.14 ; End of true expr.
    %load/vec4 v0x62d6e06f6e70_0;
    %addi 1, 0, 5;
    %jmp/0 T_4.15, 8;
 ; End of false expr.
    %blend;
T_4.15;
    %assign/vec4 v0x62d6e06f6e70_0, 0;
    %load/vec4 v0x62d6e0722ce0_0;
    %assign/vec4 v0x62d6e07229c0_0, 0;
T_4.12 ;
T_4.3 ;
T_4.1 ;
    %jmp T_4;
    .thread T_4;
    .scope S_0x62d6e07220d0;
T_5 ;
    %wait E_0x62d6e06ca390;
    %load/vec4 v0x62d6e0723d60_0;
    %nor/r;
    %flag_set/vec4 8;
    %jmp/0xz  T_5.0, 8;
    %pushi/vec4 0, 0, 2;
    %assign/vec4 v0x62d6e0723ea0_0, 0;
    %jmp T_5.1;
T_5.0 ;
    %load/vec4 v0x62d6e0723c00_0;
    %assign/vec4 v0x62d6e0723ea0_0, 0;
T_5.1 ;
    %jmp T_5;
    .thread T_5;
    .scope S_0x62d6e07220d0;
T_6 ;
Ewait_0 .event/or E_0x62d6e06ca510, E_0x0;
    %wait Ewait_0;
    %load/vec4 v0x62d6e0723ea0_0;
    %store/vec4 v0x62d6e0723c00_0, 0, 2;
    %load/vec4 v0x62d6e0723ea0_0;
    %dup/vec4;
    %pushi/vec4 0, 0, 2;
    %cmp/u;
    %jmp/1 T_6.0, 6;
    %dup/vec4;
    %pushi/vec4 1, 0, 2;
    %cmp/u;
    %jmp/1 T_6.1, 6;
    %dup/vec4;
    %pushi/vec4 2, 0, 2;
    %cmp/u;
    %jmp/1 T_6.2, 6;
    %jmp T_6.3;
T_6.0 ;
    %load/vec4 v0x62d6e07238c0_0;
    %cmpi/e 2, 0, 2;
    %jmp/0xz  T_6.4, 4;
    %pushi/vec4 1, 0, 2;
    %store/vec4 v0x62d6e0723c00_0, 0, 2;
T_6.4 ;
    %jmp T_6.3;
T_6.1 ;
    %load/vec4 v0x62d6e07238c0_0;
    %dup/vec4;
    %pushi/vec4 3, 0, 2;
    %cmp/u;
    %jmp/1 T_6.6, 6;
    %dup/vec4;
    %pushi/vec4 1, 0, 2;
    %cmp/u;
    %jmp/1 T_6.7, 6;
    %jmp T_6.8;
T_6.6 ;
    %pushi/vec4 2, 0, 2;
    %store/vec4 v0x62d6e0723c00_0, 0, 2;
    %jmp T_6.8;
T_6.7 ;
    %pushi/vec4 0, 0, 2;
    %store/vec4 v0x62d6e0723c00_0, 0, 2;
    %jmp T_6.8;
T_6.8 ;
    %pop/vec4 1;
    %jmp T_6.3;
T_6.2 ;
    %load/vec4 v0x62d6e07238c0_0;
    %dup/vec4;
    %pushi/vec4 2, 0, 2;
    %cmp/u;
    %jmp/1 T_6.9, 6;
    %dup/vec4;
    %pushi/vec4 1, 0, 2;
    %cmp/u;
    %jmp/1 T_6.10, 6;
    %jmp T_6.11;
T_6.9 ;
    %pushi/vec4 1, 0, 2;
    %store/vec4 v0x62d6e0723c00_0, 0, 2;
    %jmp T_6.11;
T_6.10 ;
    %pushi/vec4 0, 0, 2;
    %store/vec4 v0x62d6e0723c00_0, 0, 2;
    %jmp T_6.11;
T_6.11 ;
    %pop/vec4 1;
    %jmp T_6.3;
T_6.3 ;
    %pop/vec4 1;
    %jmp T_6;
    .thread T_6, $push;
    .scope S_0x62d6e07220d0;
T_7 ;
Ewait_1 .event/or E_0x62d6e06ca510, E_0x0;
    %wait Ewait_1;
    %load/vec4 v0x62d6e0723ea0_0;
    %cmpi/ne 0, 0, 2;
    %flag_get/vec4 4;
    %jmp/0 T_7.0, 4;
    %load/vec4 v0x62d6e07238c0_0;
    %pushi/vec4 1, 0, 2;
    %cmp/e;
    %flag_get/vec4 4;
    %and;
T_7.0;
    %store/vec4 v0x62d6e07236a0_0, 0, 1;
    %load/vec4 v0x62d6e0723ea0_0;
    %pushi/vec4 1, 0, 2;
    %cmp/e;
    %flag_get/vec4 4;
    %store/vec4 v0x62d6e0723960_0, 0, 1;
    %jmp T_7;
    .thread T_7, $push;
    .scope S_0x62d6e06c41e0;
T_8 ;
    %pushi/vec4 0, 0, 32;
    %store/vec4 v0x62d6e0724b70_0, 0, 32;
    %pushi/vec4 0, 0, 32;
    %store/vec4 v0x62d6e0724a90_0, 0, 32;
    %end;
    .thread T_8, $init;
    .scope S_0x62d6e06c41e0;
T_9 ;
    %pushi/vec4 0, 0, 1;
    %store/vec4 v0x62d6e0724130_0, 0, 1;
T_9.0 ;
    %delay 500000000, 0;
    %load/vec4 v0x62d6e0724130_0;
    %inv;
    %store/vec4 v0x62d6e0724130_0, 0, 1;
    %jmp T_9.0;
    %end;
    .thread T_9;
    .scope S_0x62d6e06c41e0;
T_10 ;
    %vpi_call/w 4 59 "$dumpfile", "wave.vcd" {0 0 0};
    %vpi_call/w 4 60 "$dumpvars", 32'sb00000000000000000000000000000000, S_0x62d6e06c41e0 {0 0 0};
    %end;
    .thread T_10;
    .scope S_0x62d6e06c41e0;
T_11 ;
    %vpi_call/w 4 144 "$display", "=====START TESTING=====" {0 0 0};
    %vpi_call/w 4 146 "$display", "--- TEST 1: Reset state ---" {0 0 0};
    %alloc S_0x62d6e06cf680;
    %fork TD_timer_tb.reset_dut, S_0x62d6e06cf680;
    %join;
    %free S_0x62d6e06cf680;
    %wait E_0x62d6e06c84c0;
    %pushi/vec4 0, 0, 6;
    %store/vec4 v0x62d6e0724540_0, 0, 6;
    %pushi/vec4 0, 0, 6;
    %store/vec4 v0x62d6e0724350_0, 0, 6;
    %pushi/vec4 0, 0, 5;
    %store/vec4 v0x62d6e07242b0_0, 0, 5;
    %pushi/vec4 0, 0, 1;
    %store/vec4 v0x62d6e0724430_0, 0, 1;
    %alloc S_0x62d6e06cf4a0;
    %fork TD_timer_tb.check_output, S_0x62d6e06cf4a0;
    %join;
    %free S_0x62d6e06cf4a0;
    %vpi_call/w 4 156 "$display", "--- TEST 2: Run 5 seconds ---" {0 0 0};
    %alloc S_0x62d6e06d66d0;
    %pushi/vec4 2, 0, 2;
    %store/vec4 v0x62d6e06faa60_0, 0, 2;
    %fork TD_timer_tb.send_command, S_0x62d6e06d66d0;
    %join;
    %free S_0x62d6e06d66d0;
    %pushi/vec4 5002, 0, 32;
T_11.0 %dup/vec4;
    %pushi/vec4 0, 0, 32;
    %cmp/s;
    %jmp/1xz T_11.1, 5;
    %jmp/1 T_11.1, 4;
    %pushi/vec4 1, 0, 32;
    %sub;
    %wait E_0x62d6e06c9d20;
    %jmp T_11.0;
T_11.1 ;
    %pop/vec4 1;
    %wait E_0x62d6e06c84c0;
    %pushi/vec4 5, 0, 6;
    %store/vec4 v0x62d6e0724540_0, 0, 6;
    %pushi/vec4 0, 0, 6;
    %store/vec4 v0x62d6e0724350_0, 0, 6;
    %pushi/vec4 0, 0, 5;
    %store/vec4 v0x62d6e07242b0_0, 0, 5;
    %pushi/vec4 0, 0, 1;
    %store/vec4 v0x62d6e0724430_0, 0, 1;
    %alloc S_0x62d6e06cf4a0;
    %fork TD_timer_tb.check_output, S_0x62d6e06cf4a0;
    %join;
    %free S_0x62d6e06cf4a0;
    %vpi_call/w 4 167 "$display", "--- TEST 3: Pause, counter must freeze ---" {0 0 0};
    %alloc S_0x62d6e06d66d0;
    %pushi/vec4 3, 0, 2;
    %store/vec4 v0x62d6e06faa60_0, 0, 2;
    %fork TD_timer_tb.send_command, S_0x62d6e06d66d0;
    %join;
    %free S_0x62d6e06d66d0;
    %pushi/vec4 5000, 0, 32;
T_11.2 %dup/vec4;
    %pushi/vec4 0, 0, 32;
    %cmp/s;
    %jmp/1xz T_11.3, 5;
    %jmp/1 T_11.3, 4;
    %pushi/vec4 1, 0, 32;
    %sub;
    %wait E_0x62d6e06c9d20;
    %jmp T_11.2;
T_11.3 ;
    %pop/vec4 1;
    %wait E_0x62d6e06c84c0;
    %pushi/vec4 5, 0, 6;
    %store/vec4 v0x62d6e0724540_0, 0, 6;
    %pushi/vec4 0, 0, 6;
    %store/vec4 v0x62d6e0724350_0, 0, 6;
    %pushi/vec4 0, 0, 5;
    %store/vec4 v0x62d6e07242b0_0, 0, 5;
    %pushi/vec4 0, 0, 1;
    %store/vec4 v0x62d6e0724430_0, 0, 1;
    %alloc S_0x62d6e06cf4a0;
    %fork TD_timer_tb.check_output, S_0x62d6e06cf4a0;
    %join;
    %free S_0x62d6e06cf4a0;
    %vpi_call/w 4 178 "$display", "--- TEST 4: Reset ---" {0 0 0};
    %alloc S_0x62d6e06d66d0;
    %pushi/vec4 1, 0, 2;
    %store/vec4 v0x62d6e06faa60_0, 0, 2;
    %fork TD_timer_tb.send_command, S_0x62d6e06d66d0;
    %join;
    %free S_0x62d6e06d66d0;
    %wait E_0x62d6e06c9d20;
    %wait E_0x62d6e06c84c0;
    %pushi/vec4 0, 0, 6;
    %store/vec4 v0x62d6e0724540_0, 0, 6;
    %pushi/vec4 0, 0, 6;
    %store/vec4 v0x62d6e0724350_0, 0, 6;
    %pushi/vec4 0, 0, 5;
    %store/vec4 v0x62d6e07242b0_0, 0, 5;
    %pushi/vec4 0, 0, 1;
    %store/vec4 v0x62d6e0724430_0, 0, 1;
    %alloc S_0x62d6e06cf4a0;
    %fork TD_timer_tb.check_output, S_0x62d6e06cf4a0;
    %join;
    %free S_0x62d6e06cf4a0;
    %vpi_call/w 4 189 "$display", "--- TEST 5: Run again after reset ---" {0 0 0};
    %alloc S_0x62d6e06d66d0;
    %pushi/vec4 2, 0, 2;
    %store/vec4 v0x62d6e06faa60_0, 0, 2;
    %fork TD_timer_tb.send_command, S_0x62d6e06d66d0;
    %join;
    %free S_0x62d6e06d66d0;
    %pushi/vec4 3002, 0, 32;
T_11.4 %dup/vec4;
    %pushi/vec4 0, 0, 32;
    %cmp/s;
    %jmp/1xz T_11.5, 5;
    %jmp/1 T_11.5, 4;
    %pushi/vec4 1, 0, 32;
    %sub;
    %wait E_0x62d6e06c9d20;
    %jmp T_11.4;
T_11.5 ;
    %pop/vec4 1;
    %wait E_0x62d6e06c84c0;
    %pushi/vec4 3, 0, 6;
    %store/vec4 v0x62d6e0724540_0, 0, 6;
    %pushi/vec4 0, 0, 6;
    %store/vec4 v0x62d6e0724350_0, 0, 6;
    %pushi/vec4 0, 0, 5;
    %store/vec4 v0x62d6e07242b0_0, 0, 5;
    %pushi/vec4 0, 0, 1;
    %store/vec4 v0x62d6e0724430_0, 0, 1;
    %alloc S_0x62d6e06cf4a0;
    %fork TD_timer_tb.check_output, S_0x62d6e06cf4a0;
    %join;
    %free S_0x62d6e06cf4a0;
    %vpi_call/w 4 200 "$display", "--- TEST 6: Minute rollover ---" {0 0 0};
    %pushi/vec4 57000, 0, 32;
T_11.6 %dup/vec4;
    %pushi/vec4 0, 0, 32;
    %cmp/s;
    %jmp/1xz T_11.7, 5;
    %jmp/1 T_11.7, 4;
    %pushi/vec4 1, 0, 32;
    %sub;
    %wait E_0x62d6e06c9d20;
    %jmp T_11.6;
T_11.7 ;
    %pop/vec4 1;
    %wait E_0x62d6e06c84c0;
    %pushi/vec4 0, 0, 5;
    %store/vec4 v0x62d6e07242b0_0, 0, 5;
    %pushi/vec4 1, 0, 6;
    %store/vec4 v0x62d6e0724350_0, 0, 6;
    %pushi/vec4 0, 0, 6;
    %store/vec4 v0x62d6e0724540_0, 0, 6;
    %pushi/vec4 0, 0, 1;
    %store/vec4 v0x62d6e0724430_0, 0, 1;
    %alloc S_0x62d6e06cf4a0;
    %fork TD_timer_tb.check_output, S_0x62d6e06cf4a0;
    %join;
    %free S_0x62d6e06cf4a0;
    %vpi_call/w 4 210 "$display", "--- TEST 7: Overflow ---" {0 0 0};
    %wait E_0x62d6e06c8d50;
    %wait E_0x62d6e06c84c0;
    %pushi/vec4 0, 0, 5;
    %store/vec4 v0x62d6e07242b0_0, 0, 5;
    %pushi/vec4 0, 0, 6;
    %store/vec4 v0x62d6e0724350_0, 0, 6;
    %pushi/vec4 0, 0, 6;
    %store/vec4 v0x62d6e0724540_0, 0, 6;
    %pushi/vec4 1, 0, 1;
    %store/vec4 v0x62d6e0724430_0, 0, 1;
    %alloc S_0x62d6e06cf4a0;
    %fork TD_timer_tb.check_output, S_0x62d6e06cf4a0;
    %join;
    %free S_0x62d6e06cf4a0;
    %vpi_call/w 4 222 "$display", "\000" {0 0 0};
    %vpi_call/w 4 223 "$display", "==================================" {0 0 0};
    %vpi_call/w 4 224 "$display", "TEST SUMMARY" {0 0 0};
    %vpi_call/w 4 225 "$display", "PASSED = %0d", v0x62d6e0724b70_0 {0 0 0};
    %vpi_call/w 4 226 "$display", "FAILED = %0d", v0x62d6e0724a90_0 {0 0 0};
    %vpi_call/w 4 227 "$display", "==================================" {0 0 0};
    %load/vec4 v0x62d6e0724a90_0;
    %cmpi/e 0, 0, 32;
    %jmp/0xz  T_11.8, 4;
    %vpi_call/w 4 230 "$display", "ALL TESTS PASSED" {0 0 0};
    %jmp T_11.9;
T_11.8 ;
    %vpi_call/w 4 232 "$display", "SOME TESTS FAILED" {0 0 0};
T_11.9 ;
    %vpi_call/w 4 234 "$finish" {0 0 0};
    %end;
    .thread T_11;
# The file index is used to find the file name in the following table.
:file_names 8;
    "N/A";
    "<interactive>";
    "-";
    "../pkg/timer_pkg.sv";
    "../tb/timer_tb.sv";
    "../rtl/timer.sv";
    "../rtl/counter.sv";
    "../rtl/frequency_divider.sv";
